Archive member included to satisfy reference by file (symbol)

c:/program files/winavr/bin/../lib/gcc/avr/8.0.0/avr5\libgcc.a(_udivmodhi4.o)
                              ./timeparser.o (__udivmodhi4)
c:/program files/winavr/bin/../lib/gcc/avr/8.0.0/avr5\libgcc.a(_udivmodsi4.o)
                              ./uart.o (__udivmodsi4)
c:/program files/winavr/bin/../lib/gcc/avr/8.0.0/avr5\libgcc.a(_divmodsi4.o)
                              ./terminal.o (__divmodsi4)
c:/program files/winavr/bin/../lib/gcc/avr/8.0.0/avr5\libgcc.a(_negsi2.o)
                              c:/program files/winavr/bin/../lib/gcc/avr/8.0.0/avr5\libgcc.a(_divmodsi4.o) (__negsi2)
c:/program files/winavr/bin/../lib/gcc/avr/8.0.0/avr5\libgcc.a(_exit.o)
                              c:/program files/winavr/bin/../lib/gcc/avr/8.0.0/../../../../avr/lib/avr5/crtatmega328p.o (exit)
c:/program files/winavr/bin/../lib/gcc/avr/8.0.0/avr5\libgcc.a(_copy_data.o)
                              ./adc.o (__do_copy_data)
c:/program files/winavr/bin/../lib/gcc/avr/8.0.0/avr5\libgcc.a(_clear_bss.o)
                              ./stepper.o (__do_clear_bss)
c:/program files/winavr/bin/../lib/gcc/avr/8.0.0/../../../../avr/lib/avr5\libc.a(sprintf.o)
                              ./timeparser.o (sprintf)
c:/program files/winavr/bin/../lib/gcc/avr/8.0.0/../../../../avr/lib/avr5\libc.a(sscanf.o)
                              ./terminal.o (sscanf)
c:/program files/winavr/bin/../lib/gcc/avr/8.0.0/../../../../avr/lib/avr5\libc.a(vfprintf_std.o)
                              c:/program files/winavr/bin/../lib/gcc/avr/8.0.0/../../../../avr/lib/avr5\libc.a(sprintf.o) (vfprintf)
c:/program files/winavr/bin/../lib/gcc/avr/8.0.0/../../../../avr/lib/avr5\libc.a(vfscanf_std.o)
                              c:/program files/winavr/bin/../lib/gcc/avr/8.0.0/../../../../avr/lib/avr5\libc.a(sscanf.o) (vfscanf)
c:/program files/winavr/bin/../lib/gcc/avr/8.0.0/../../../../avr/lib/avr5\libc.a(isspace.o)
                              c:/program files/winavr/bin/../lib/gcc/avr/8.0.0/../../../../avr/lib/avr5\libc.a(vfscanf_std.o) (isspace)
c:/program files/winavr/bin/../lib/gcc/avr/8.0.0/../../../../avr/lib/avr5\libc.a(strchr_P.o)
                              c:/program files/winavr/bin/../lib/gcc/avr/8.0.0/../../../../avr/lib/avr5\libc.a(vfscanf_std.o) (strchr_P)
c:/program files/winavr/bin/../lib/gcc/avr/8.0.0/../../../../avr/lib/avr5\libc.a(strnlen_P.o)
                              c:/program files/winavr/bin/../lib/gcc/avr/8.0.0/../../../../avr/lib/avr5\libc.a(vfprintf_std.o) (strnlen_P)
c:/program files/winavr/bin/../lib/gcc/avr/8.0.0/../../../../avr/lib/avr5\libc.a(strnlen.o)
                              c:/program files/winavr/bin/../lib/gcc/avr/8.0.0/../../../../avr/lib/avr5\libc.a(vfprintf_std.o) (strnlen)
c:/program files/winavr/bin/../lib/gcc/avr/8.0.0/../../../../avr/lib/avr5\libc.a(fgetc.o)
                              c:/program files/winavr/bin/../lib/gcc/avr/8.0.0/../../../../avr/lib/avr5\libc.a(vfscanf_std.o) (fgetc)
c:/program files/winavr/bin/../lib/gcc/avr/8.0.0/../../../../avr/lib/avr5\libc.a(fputc.o)
                              c:/program files/winavr/bin/../lib/gcc/avr/8.0.0/../../../../avr/lib/avr5\libc.a(vfprintf_std.o) (fputc)
c:/program files/winavr/bin/../lib/gcc/avr/8.0.0/../../../../avr/lib/avr5\libc.a(ungetc.o)
                              c:/program files/winavr/bin/../lib/gcc/avr/8.0.0/../../../../avr/lib/avr5\libc.a(vfscanf_std.o) (ungetc)
c:/program files/winavr/bin/../lib/gcc/avr/8.0.0/../../../../avr/lib/avr5\libc.a(ultoa_invert.o)
                              c:/program files/winavr/bin/../lib/gcc/avr/8.0.0/../../../../avr/lib/avr5\libc.a(vfprintf_std.o) (__ultoa_invert)
c:/program files/winavr/bin/../lib/gcc/avr/8.0.0/../../../../avr/lib/avr5\libc.a(cty_isfalse.o)
                              c:/program files/winavr/bin/../lib/gcc/avr/8.0.0/../../../../avr/lib/avr5\libc.a(isspace.o) (__ctype_isfalse)
c:/program files/winavr/bin/../lib/gcc/avr/8.0.0/avr5\libgcc.a(_prologue.o)
                              c:/program files/winavr/bin/../lib/gcc/avr/8.0.0/../../../../avr/lib/avr5\libc.a(sprintf.o) (__prologue_saves__)
c:/program files/winavr/bin/../lib/gcc/avr/8.0.0/avr5\libgcc.a(_epilogue.o)
                              c:/program files/winavr/bin/../lib/gcc/avr/8.0.0/../../../../avr/lib/avr5\libc.a(sprintf.o) (__epilogue_restores__)

Memory Configuration

Name             Origin             Length             Attributes
text             0x00000000         0x00020000         xr
data             0x00800060         0x0000ffa0         rw !x
eeprom           0x00810000         0x00010000         rw !x
fuse             0x00820000         0x00000003         rw !x
lock             0x00830000         0x00000400         rw !x
signature        0x00840000         0x00000400         rw !x
user_signatures  0x00850000         0x00000400         rw !x
*default*        0x00000000         0xffffffff

Linker script and memory map

Address of section .data set to 0x800100
LOAD c:/program files/winavr/bin/../lib/gcc/avr/8.0.0/../../../../avr/lib/avr5/crtatmega328p.o
LOAD ./adc.o
LOAD ./eeprom.o
LOAD ./leds.o
LOAD ./shiftregister.o
LOAD ./stepper.o
LOAD ./terminal.o
LOAD ./timeparser.o
LOAD ./timer.o
LOAD ./uart.o
START GROUP
LOAD c:/program files/winavr/bin/../lib/gcc/avr/8.0.0/avr5\libgcc.a
LOAD c:/program files/winavr/bin/../lib/gcc/avr/8.0.0/../../../../avr/lib/avr5\libm.a
LOAD c:/program files/winavr/bin/../lib/gcc/avr/8.0.0/../../../../avr/lib/avr5\libc.a
LOAD c:/program files/winavr/bin/../lib/gcc/avr/8.0.0/../../../../avr/lib/avr5\libatmega328p.a
END GROUP
                0x00020000                __TEXT_REGION_LENGTH__ = DEFINED (__TEXT_REGION_LENGTH__)?__TEXT_REGION_LENGTH__:0x20000
                0x0000ffa0                __DATA_REGION_LENGTH__ = DEFINED (__DATA_REGION_LENGTH__)?__DATA_REGION_LENGTH__:0xffa0
                0x00010000                __EEPROM_REGION_LENGTH__ = DEFINED (__EEPROM_REGION_LENGTH__)?__EEPROM_REGION_LENGTH__:0x10000
                [0x00000003]                __FUSE_REGION_LENGTH__ = DEFINED (__FUSE_REGION_LENGTH__)?__FUSE_REGION_LENGTH__:0x400
                0x00000400                __LOCK_REGION_LENGTH__ = DEFINED (__LOCK_REGION_LENGTH__)?__LOCK_REGION_LENGTH__:0x400
                0x00000400                __SIGNATURE_REGION_LENGTH__ = DEFINED (__SIGNATURE_REGION_LENGTH__)?__SIGNATURE_REGION_LENGTH__:0x400
                0x00000400                __USER_SIGNATURE_REGION_LENGTH__ = DEFINED (__USER_SIGNATURE_REGION_LENGTH__)?__USER_SIGNATURE_REGION_LENGTH__:0x400

.hash
 *(.hash)

.dynsym
 *(.dynsym)

.dynstr
 *(.dynstr)

.gnu.version
 *(.gnu.version)

.gnu.version_d
 *(.gnu.version_d)

.gnu.version_r
 *(.gnu.version_r)

.rel.init
 *(.rel.init)

.rela.init
 *(.rela.init)

.rel.text
 *(.rel.text)
 *(.rel.text.*)
 *(.rel.gnu.linkonce.t*)

.rela.text
 *(.rela.text)
 *(.rela.text.*)
 *(.rela.gnu.linkonce.t*)

.rel.fini
 *(.rel.fini)

.rela.fini
 *(.rela.fini)

.rel.rodata
 *(.rel.rodata)
 *(.rel.rodata.*)
 *(.rel.gnu.linkonce.r*)

.rela.rodata
 *(.rela.rodata)
 *(.rela.rodata.*)
 *(.rela.gnu.linkonce.r*)

.rel.data
 *(.rel.data)
 *(.rel.data.*)
 *(.rel.gnu.linkonce.d*)

.rela.data
 *(.rela.data)
 *(.rela.data.*)
 *(.rela.gnu.linkonce.d*)

.rel.ctors
 *(.rel.ctors)

.rela.ctors
 *(.rela.ctors)

.rel.dtors
 *(.rel.dtors)

.rela.dtors
 *(.rela.dtors)

.rel.got
 *(.rel.got)

.rela.got
 *(.rela.got)

.rel.bss
 *(.rel.bss)

.rela.bss
 *(.rela.bss)

.rel.plt
 *(.rel.plt)

.rela.plt
 *(.rela.plt)

.text           0x00000000     0x28e2
 *(.vectors)
 .vectors       0x00000000       0x68 c:/program files/winavr/bin/../lib/gcc/avr/8.0.0/../../../../avr/lib/avr5/crtatmega328p.o
                0x00000000                __vector_default
                0x00000000                __vectors
 *(.vectors)
 *(.progmem.gcc*)
                0x00000068                . = ALIGN (0x2)
                0x00000068                __trampolines_start = .
 *(.trampolines)
 .trampolines   0x00000068        0x0 linker stubs
 *(.trampolines*)
                0x00000068                __trampolines_end = .
 *libprintf_flt.a:*(.progmem.data)
 *libc.a:*(.progmem.data)
 .progmem.data  0x00000068        0xc c:/program files/winavr/bin/../lib/gcc/avr/8.0.0/../../../../avr/lib/avr5\libc.a(vfscanf_std.o)
 *(.progmem*)
 .progmem.data.__c.2428
                0x00000074        0x3 ./stepper.o
 .progmem.data.__c.2426
                0x00000077        0x5 ./stepper.o
 .progmem.data.__c.2424
                0x0000007c        0x2 ./stepper.o
 .progmem.data.__c.2422
                0x0000007e        0x5 ./stepper.o
 .progmem.data.__c.2517
                0x00000083        0x3 ./terminal.o
 .progmem.data.__c.2512
                0x00000086       0x3f ./terminal.o
 .progmem.data.__c.2510
                0x000000c5       0x14 ./terminal.o
 .progmem.data.__c.2508
                0x000000d9        0xc ./terminal.o
 .progmem.data.__c.2506
                0x000000e5       0x4d ./terminal.o
 .progmem.data.__c.2497
                0x00000132        0x4 ./terminal.o
 .progmem.data.__c.2492
                0x00000136        0x4 ./terminal.o
 .progmem.data.__c.2490
                0x0000013a        0x3 ./terminal.o
 .progmem.data.__c.2488
                0x0000013d        0x8 ./terminal.o
 .progmem.data.__c.2485
                0x00000145        0x8 ./terminal.o
 .progmem.data.__c.2483
                0x0000014d       0x18 ./terminal.o
 .progmem.data.__c.2481
                0x00000165        0xc ./terminal.o
 .progmem.data.__c.2478
                0x00000171       0x1f ./terminal.o
 .progmem.data.__c.2476
                0x00000190       0x20 ./terminal.o
 .progmem.data.__c.2474
                0x000001b0        0x2 ./terminal.o
 .progmem.data.__c.2472
                0x000001b2       0x1e ./terminal.o
 .progmem.data.__c.2470
                0x000001d0       0x19 ./terminal.o
 .progmem.data.__c.2468
                0x000001e9       0x1b ./terminal.o
 .progmem.data.__c.2459
                0x00000204        0x3 ./terminal.o
 .progmem.data.__c.2456
                0x00000207        0x3 ./terminal.o
 .progmem.data.__c.2451
                0x0000020a       0x29 ./terminal.o
 .progmem.data.__c.2447
                0x00000233        0x4 ./terminal.o
 .progmem.data.__c.2445
                0x00000237        0x8 ./terminal.o
 .progmem.data.__c.2443
                0x0000023f       0x18 ./terminal.o
 .progmem.data.__c.2441
                0x00000257       0x46 ./terminal.o
 .progmem.data.__c.2439
                0x0000029d       0x2e ./terminal.o
 .progmem.data.__c.2436
                0x000002cb        0x3 ./terminal.o
 .progmem.data.__c.2431
                0x000002ce       0x4f ./terminal.o
 .progmem.data.__c.2429
                0x0000031d        0x4 ./terminal.o
 .progmem.data.__c.2424
                0x00000321        0x3 ./terminal.o
 .progmem.data.__c.2422
                0x00000324        0x8 ./terminal.o
 .progmem.data.__c.2420
                0x0000032c        0x4 ./terminal.o
 .progmem.data.__c.2418
                0x00000330        0x2 ./terminal.o
 .progmem.data.__c.2416
                0x00000332        0x3 ./terminal.o
 .progmem.data.__c.2413
                0x00000335       0x16 ./terminal.o
 .progmem.data.__c.2411
                0x0000034b       0x17 ./terminal.o
 .progmem.data.__c.2409
                0x00000362        0x4 ./terminal.o
 .progmem.data.__c.2407
                0x00000366       0x13 ./terminal.o
 .progmem.data.__c.2405
                0x00000379        0x4 ./terminal.o
 .progmem.data.__c.2403
                0x0000037d        0x6 ./terminal.o
 .progmem.data.__c.2401
                0x00000383       0x2c ./terminal.o
 .progmem.data.__c.2399
                0x000003af        0x5 ./terminal.o
 .progmem.data.__c.2397
                0x000003b4       0x32 ./terminal.o
 .progmem.data.__c.2362
                0x000003e6        0x2 ./terminal.o
 .progmem.data.__c.2349
                0x000003e8       0x10 ./terminal.o
 .progmem.data.__c.2347
                0x000003f8        0x5 ./terminal.o
 .progmem.data.__c.2345
                0x000003fd        0x7 ./terminal.o
 .progmem.data.__c.2343
                0x00000404        0x5 ./terminal.o
 .progmem.data.__c.2363
                0x00000409        0xf ./timeparser.o
 .progmem.data.__c.2353
                0x00000418       0x1c ./timeparser.o
 .progmem.data.__c.2441
                0x00000434        0x2 ./uart.o
 .progmem.data.__c.2436
                0x00000436        0x2 ./uart.o
 .progmem.data.__c.2369
                0x00000438        0x3 ./uart.o
 .progmem.data.__c.2364
                0x0000043b        0xa ./uart.o
                0x00000446                . = ALIGN (0x2)
 *fill*         0x00000445        0x1 
 *(.lowtext)
 *(.lowtext*)
                0x00000446                __ctors_start = .
 *(.ctors)
                0x00000446                __ctors_end = .
                0x00000446                __dtors_start = .
 *(.dtors)
                0x00000446                __dtors_end = .
 SORT(*)(.ctors)
 SORT(*)(.dtors)
 *(.init0)
 .init0         0x00000446        0x0 c:/program files/winavr/bin/../lib/gcc/avr/8.0.0/../../../../avr/lib/avr5/crtatmega328p.o
                0x00000446                __init
 *(.init0)
 *(.init1)
 .init1         0x00000446       0x18 ./stepper.o
                0x00000446                wdt_init
 *(.init1)
 *(.init2)
 .init2         0x0000045e        0xc c:/program files/winavr/bin/../lib/gcc/avr/8.0.0/../../../../avr/lib/avr5/crtatmega328p.o
 *(.init2)
 *(.init3)
 *(.init3)
 *(.init4)
 .init4         0x0000046a       0x16 c:/program files/winavr/bin/../lib/gcc/avr/8.0.0/avr5\libgcc.a(_copy_data.o)
                0x0000046a                __do_copy_data
 .init4         0x00000480       0x10 c:/program files/winavr/bin/../lib/gcc/avr/8.0.0/avr5\libgcc.a(_clear_bss.o)
                0x00000480                __do_clear_bss
 *(.init4)
 *(.init5)
 *(.init5)
 *(.init6)
 *(.init6)
 *(.init7)
 *(.init7)
 *(.init8)
 *(.init8)
 *(.init9)
 .init9         0x00000490        0x8 c:/program files/winavr/bin/../lib/gcc/avr/8.0.0/../../../../avr/lib/avr5/crtatmega328p.o
 *(.init9)
 *(.text)
 .text          0x00000498        0x4 c:/program files/winavr/bin/../lib/gcc/avr/8.0.0/../../../../avr/lib/avr5/crtatmega328p.o
                0x00000498                __vector_22
                0x00000498                __vector_1
                0x00000498                __vector_24
                0x00000498                __vector_12
                0x00000498                __bad_interrupt
                0x00000498                __vector_6
                0x00000498                __vector_3
                0x00000498                __vector_23
                0x00000498                __vector_25
                0x00000498                __vector_13
                0x00000498                __vector_17
                0x00000498                __vector_19
                0x00000498                __vector_7
                0x00000498                __vector_4
                0x00000498                __vector_9
                0x00000498                __vector_2
                0x00000498                __vector_21
                0x00000498                __vector_15
                0x00000498                __vector_8
                0x00000498                __vector_14
                0x00000498                __vector_10
                0x00000498                __vector_16
                0x00000498                __vector_18
                0x00000498                __vector_20
 .text          0x0000049c        0x0 ./adc.o
 .text          0x0000049c        0x0 ./eeprom.o
 .text          0x0000049c        0x0 ./leds.o
 .text          0x0000049c        0x0 ./shiftregister.o
 .text          0x0000049c        0x0 ./stepper.o
 .text          0x0000049c        0x0 ./terminal.o
 .text          0x0000049c        0x0 ./timeparser.o
 .text          0x0000049c        0x0 ./timer.o
 .text          0x0000049c        0x0 ./uart.o
 .text          0x0000049c        0x0 c:/program files/winavr/bin/../lib/gcc/avr/8.0.0/avr5\libgcc.a(_udivmodhi4.o)
 .text          0x0000049c        0x0 c:/program files/winavr/bin/../lib/gcc/avr/8.0.0/avr5\libgcc.a(_udivmodsi4.o)
 .text          0x0000049c        0x0 c:/program files/winavr/bin/../lib/gcc/avr/8.0.0/avr5\libgcc.a(_divmodsi4.o)
 .text          0x0000049c        0x0 c:/program files/winavr/bin/../lib/gcc/avr/8.0.0/avr5\libgcc.a(_negsi2.o)
 .text          0x0000049c        0x0 c:/program files/winavr/bin/../lib/gcc/avr/8.0.0/avr5\libgcc.a(_exit.o)
 .text          0x0000049c        0x0 c:/program files/winavr/bin/../lib/gcc/avr/8.0.0/avr5\libgcc.a(_copy_data.o)
 .text          0x0000049c        0x0 c:/program files/winavr/bin/../lib/gcc/avr/8.0.0/avr5\libgcc.a(_clear_bss.o)
 .text          0x0000049c        0x0 c:/program files/winavr/bin/../lib/gcc/avr/8.0.0/../../../../avr/lib/avr5\libc.a(sprintf.o)
 .text          0x0000049c        0x0 c:/program files/winavr/bin/../lib/gcc/avr/8.0.0/../../../../avr/lib/avr5\libc.a(sscanf.o)
 .text          0x0000049c        0x0 c:/program files/winavr/bin/../lib/gcc/avr/8.0.0/../../../../avr/lib/avr5\libc.a(vfprintf_std.o)
 .text          0x0000049c        0x0 c:/program files/winavr/bin/../lib/gcc/avr/8.0.0/../../../../avr/lib/avr5\libc.a(vfscanf_std.o)
 .text          0x0000049c        0x0 c:/program files/winavr/bin/../lib/gcc/avr/8.0.0/../../../../avr/lib/avr5\libc.a(isspace.o)
 .text          0x0000049c        0x0 c:/program files/winavr/bin/../lib/gcc/avr/8.0.0/../../../../avr/lib/avr5\libc.a(strchr_P.o)
 .text          0x0000049c        0x0 c:/program files/winavr/bin/../lib/gcc/avr/8.0.0/../../../../avr/lib/avr5\libc.a(strnlen_P.o)
 .text          0x0000049c        0x0 c:/program files/winavr/bin/../lib/gcc/avr/8.0.0/../../../../avr/lib/avr5\libc.a(strnlen.o)
 .text          0x0000049c        0x0 c:/program files/winavr/bin/../lib/gcc/avr/8.0.0/../../../../avr/lib/avr5\libc.a(fgetc.o)
 .text          0x0000049c        0x0 c:/program files/winavr/bin/../lib/gcc/avr/8.0.0/../../../../avr/lib/avr5\libc.a(fputc.o)
 .text          0x0000049c        0x0 c:/program files/winavr/bin/../lib/gcc/avr/8.0.0/../../../../avr/lib/avr5\libc.a(ungetc.o)
 .text          0x0000049c        0x0 c:/program files/winavr/bin/../lib/gcc/avr/8.0.0/../../../../avr/lib/avr5\libc.a(ultoa_invert.o)
 .text          0x0000049c        0x0 c:/program files/winavr/bin/../lib/gcc/avr/8.0.0/../../../../avr/lib/avr5\libc.a(cty_isfalse.o)
 .text          0x0000049c        0x0 c:/program files/winavr/bin/../lib/gcc/avr/8.0.0/avr5\libgcc.a(_prologue.o)
 .text          0x0000049c        0x0 c:/program files/winavr/bin/../lib/gcc/avr/8.0.0/avr5\libgcc.a(_epilogue.o)
                0x0000049c                . = ALIGN (0x2)
 *(.text.*)
 .text.adc_deinit
                0x0000049c        0xa ./adc.o
                0x0000049c                adc_deinit
 .text.adc_init
                0x000004a6       0x40 ./adc.o
                0x000004a6                adc_init
 .text.adc_read
                0x000004e6       0x98 ./adc.o
                0x000004e6                adc_read
 .text.eeread   0x0000057e       0x12 ./eeprom.o
                0x0000057e                eeread
 .text.eewrite  0x00000590       0x14 ./eeprom.o
                0x00000590                eewrite
 .text.eeread16
                0x000005a4       0x20 ./eeprom.o
                0x000005a4                eeread16
 .text.eewrite16
                0x000005c4       0x22 ./eeprom.o
                0x000005c4                eewrite16
 .text.led_yellow_on
                0x000005e6        0x4 ./leds.o
                0x000005e6                led_yellow_on
 .text.led_yellow_toggle
                0x000005ea        0x6 ./leds.o
                0x000005ea                led_yellow_toggle
 .text.led_yellow_off
                0x000005f0        0x4 ./leds.o
                0x000005f0                led_yellow_off
 .text.led_red_on
                0x000005f4        0x4 ./leds.o
                0x000005f4                led_red_on
 .text.led_red_toggle
                0x000005f8        0x6 ./leds.o
                0x000005f8                led_red_toggle
 .text.led_red_off
                0x000005fe        0x4 ./leds.o
                0x000005fe                led_red_off
 .text.led_green_on
                0x00000602        0x4 ./leds.o
                0x00000602                led_green_on
 .text.led_green_toggle
                0x00000606        0x6 ./leds.o
                0x00000606                led_green_toggle
 .text.led_green_off
                0x0000060c        0x4 ./leds.o
                0x0000060c                led_green_off
 .text.led_orange_on
                0x00000610        0x4 ./leds.o
                0x00000610                led_orange_on
 .text.led_orange_toggle
                0x00000614        0x6 ./leds.o
                0x00000614                led_orange_toggle
 .text.led_orange_off
                0x0000061a        0x4 ./leds.o
                0x0000061a                led_orange_off
 .text.leds_off
                0x0000061e        0xa ./leds.o
                0x0000061e                leds_off
 .text.leds_on  0x00000628        0xa ./leds.o
                0x00000628                leds_on
 .text.leds_status
                0x00000632       0x14 ./leds.o
                0x00000632                leds_status
 .text.led_init
                0x00000646       0x1a ./leds.o
                0x00000646                led_init
 .text.sr_init  0x00000660       0x3e ./shiftregister.o
                0x00000660                sr_init
 .text.sr_enable
                0x0000069e        0x4 ./shiftregister.o
                0x0000069e                sr_enable
 .text.sr_disable
                0x000006a2        0x4 ./shiftregister.o
                0x000006a2                sr_disable
 .text.sr_shiftout
                0x000006a6       0x1e ./shiftregister.o
                0x000006a6                sr_shiftout
 .text.key_init
                0x000006c4       0x26 ./stepper.o
                0x000006c4                key_init
 .text.debounce
                0x000006ea       0x68 ./stepper.o
                0x000006ea                debounce
 .text.startup.main
                0x00000752      0x734 ./stepper.o
                0x00000752                main
 .text.__vector_11
                0x00000e86       0x36 ./stepper.o
                0x00000e86                __vector_11
 .text.__vector_5
                0x00000ebc       0x1a ./stepper.o
                0x00000ebc                __vector_5
 .text.terminal_reset
                0x00000ed6       0x20 ./terminal.o
                0x00000ed6                terminal_reset
 .text.fixedspace
                0x00000ef6       0x86 ./terminal.o
                0x00000ef6                fixedspace
 .text.channel_setup
                0x00000f7c      0x3e2 ./terminal.o
                0x00000f7c                channel_setup
 .text.list_complete
                0x0000135e      0x1cc ./terminal.o
                0x0000135e                list_complete
 .text.igniter_setup
                0x0000152a       0x54 ./terminal.o
                0x0000152a                igniter_setup
 .text.timecalc
                0x0000157e      0x28e ./timeparser.o
                0x0000157e                timecalc
 .text.timedisplay
                0x0000180c       0x64 ./timeparser.o
                0x0000180c                timedisplay
 .text.timer1_init
                0x00001870       0x22 ./timer.o
                0x00001870                timer1_init
 .text.timer1_on
                0x00001892        0xc ./timer.o
                0x00001892                timer1_on
 .text.timer1_off
                0x0000189e        0xc ./timer.o
                0x0000189e                timer1_off
 .text.timer1_reset
                0x000018aa        0xe ./timer.o
                0x000018aa                timer1_reset
 .text.block_uart_sending
                0x000018b8        0x2 ./uart.o
                0x000018b8                block_uart_sending
 .text.allow_uart_sending
                0x000018ba        0x2 ./uart.o
                0x000018ba                allow_uart_sending
 .text.uart_init
                0x000018bc       0x6c ./uart.o
                0x000018bc                uart_init
 .text.uart_getc
                0x00001928       0x22 ./uart.o
                0x00001928                uart_getc
 .text.uart_putc
                0x0000194a       0x22 ./uart.o
                0x0000194a                uart_putc
 .text.uart_puts
                0x0000196c       0x20 ./uart.o
                0x0000196c                uart_puts
 .text.uart_puts_P
                0x0000198c       0x1e ./uart.o
                0x0000198c                uart_puts_P
 .text.uart_strings_equal
                0x000019aa       0x1e ./uart.o
                0x000019aa                uart_strings_equal
 .text.uart_shownum
                0x000019c8      0x20a ./uart.o
                0x000019c8                uart_shownum
 .text.uart_lower_case
                0x00001bd2       0x18 ./uart.o
                0x00001bd2                uart_lower_case
 .text.uart_gets
                0x00001bea       0x70 ./uart.o
                0x00001bea                uart_gets
 .text.libgcc.mul
                0x00001c5a        0x0 c:/program files/winavr/bin/../lib/gcc/avr/8.0.0/avr5\libgcc.a(_udivmodhi4.o)
 .text.libgcc.div
                0x00001c5a       0x28 c:/program files/winavr/bin/../lib/gcc/avr/8.0.0/avr5\libgcc.a(_udivmodhi4.o)
                0x00001c5a                __udivmodhi4
 .text.libgcc   0x00001c82        0x0 c:/program files/winavr/bin/../lib/gcc/avr/8.0.0/avr5\libgcc.a(_udivmodhi4.o)
 .text.libgcc.prologue
                0x00001c82        0x0 c:/program files/winavr/bin/../lib/gcc/avr/8.0.0/avr5\libgcc.a(_udivmodhi4.o)
 .text.libgcc.builtins
                0x00001c82        0x0 c:/program files/winavr/bin/../lib/gcc/avr/8.0.0/avr5\libgcc.a(_udivmodhi4.o)
 .text.libgcc.fmul
                0x00001c82        0x0 c:/program files/winavr/bin/../lib/gcc/avr/8.0.0/avr5\libgcc.a(_udivmodhi4.o)
 .text.libgcc.fixed
                0x00001c82        0x0 c:/program files/winavr/bin/../lib/gcc/avr/8.0.0/avr5\libgcc.a(_udivmodhi4.o)
 .text.libgcc.mul
                0x00001c82        0x0 c:/program files/winavr/bin/../lib/gcc/avr/8.0.0/avr5\libgcc.a(_udivmodsi4.o)
 .text.libgcc.div
                0x00001c82       0x44 c:/program files/winavr/bin/../lib/gcc/avr/8.0.0/avr5\libgcc.a(_udivmodsi4.o)
                0x00001c82                __udivmodsi4
 .text.libgcc   0x00001cc6        0x0 c:/program files/winavr/bin/../lib/gcc/avr/8.0.0/avr5\libgcc.a(_udivmodsi4.o)
 .text.libgcc.prologue
                0x00001cc6        0x0 c:/program files/winavr/bin/../lib/gcc/avr/8.0.0/avr5\libgcc.a(_udivmodsi4.o)
 .text.libgcc.builtins
                0x00001cc6        0x0 c:/program files/winavr/bin/../lib/gcc/avr/8.0.0/avr5\libgcc.a(_udivmodsi4.o)
 .text.libgcc.fmul
                0x00001cc6        0x0 c:/program files/winavr/bin/../lib/gcc/avr/8.0.0/avr5\libgcc.a(_udivmodsi4.o)
 .text.libgcc.fixed
                0x00001cc6        0x0 c:/program files/winavr/bin/../lib/gcc/avr/8.0.0/avr5\libgcc.a(_udivmodsi4.o)
 .text.libgcc.mul
                0x00001cc6        0x0 c:/program files/winavr/bin/../lib/gcc/avr/8.0.0/avr5\libgcc.a(_divmodsi4.o)
 .text.libgcc.div
                0x00001cc6       0x2e c:/program files/winavr/bin/../lib/gcc/avr/8.0.0/avr5\libgcc.a(_divmodsi4.o)
                0x00001cc6                __divmodsi4
 .text.libgcc   0x00001cf4        0x0 c:/program files/winavr/bin/../lib/gcc/avr/8.0.0/avr5\libgcc.a(_divmodsi4.o)
 .text.libgcc.prologue
                0x00001cf4        0x0 c:/program files/winavr/bin/../lib/gcc/avr/8.0.0/avr5\libgcc.a(_divmodsi4.o)
 .text.libgcc.builtins
                0x00001cf4        0x0 c:/program files/winavr/bin/../lib/gcc/avr/8.0.0/avr5\libgcc.a(_divmodsi4.o)
 .text.libgcc.fmul
                0x00001cf4        0x0 c:/program files/winavr/bin/../lib/gcc/avr/8.0.0/avr5\libgcc.a(_divmodsi4.o)
 .text.libgcc.fixed
                0x00001cf4        0x0 c:/program files/winavr/bin/../lib/gcc/avr/8.0.0/avr5\libgcc.a(_divmodsi4.o)
 .text.libgcc.mul
                0x00001cf4        0x0 c:/program files/winavr/bin/../lib/gcc/avr/8.0.0/avr5\libgcc.a(_negsi2.o)
 .text.libgcc.div
                0x00001cf4       0x10 c:/program files/winavr/bin/../lib/gcc/avr/8.0.0/avr5\libgcc.a(_negsi2.o)
                0x00001cf4                __negsi2
 .text.libgcc   0x00001d04        0x0 c:/program files/winavr/bin/../lib/gcc/avr/8.0.0/avr5\libgcc.a(_negsi2.o)
 .text.libgcc.prologue
                0x00001d04        0x0 c:/program files/winavr/bin/../lib/gcc/avr/8.0.0/avr5\libgcc.a(_negsi2.o)
 .text.libgcc.builtins
                0x00001d04        0x0 c:/program files/winavr/bin/../lib/gcc/avr/8.0.0/avr5\libgcc.a(_negsi2.o)
 .text.libgcc.fmul
                0x00001d04        0x0 c:/program files/winavr/bin/../lib/gcc/avr/8.0.0/avr5\libgcc.a(_negsi2.o)
 .text.libgcc.fixed
                0x00001d04        0x0 c:/program files/winavr/bin/../lib/gcc/avr/8.0.0/avr5\libgcc.a(_negsi2.o)
 .text.libgcc.mul
                0x00001d04        0x0 c:/program files/winavr/bin/../lib/gcc/avr/8.0.0/avr5\libgcc.a(_exit.o)
 .text.libgcc.div
                0x00001d04        0x0 c:/program files/winavr/bin/../lib/gcc/avr/8.0.0/avr5\libgcc.a(_exit.o)
 .text.libgcc   0x00001d04        0x0 c:/program files/winavr/bin/../lib/gcc/avr/8.0.0/avr5\libgcc.a(_exit.o)
 .text.libgcc.prologue
                0x00001d04        0x0 c:/program files/winavr/bin/../lib/gcc/avr/8.0.0/avr5\libgcc.a(_exit.o)
 .text.libgcc.builtins
                0x00001d04        0x0 c:/program files/winavr/bin/../lib/gcc/avr/8.0.0/avr5\libgcc.a(_exit.o)
 .text.libgcc.fmul
                0x00001d04        0x0 c:/program files/winavr/bin/../lib/gcc/avr/8.0.0/avr5\libgcc.a(_exit.o)
 .text.libgcc.fixed
                0x00001d04        0x0 c:/program files/winavr/bin/../lib/gcc/avr/8.0.0/avr5\libgcc.a(_exit.o)
 .text.libgcc.mul
                0x00001d04        0x0 c:/program files/winavr/bin/../lib/gcc/avr/8.0.0/avr5\libgcc.a(_copy_data.o)
 .text.libgcc.div
                0x00001d04        0x0 c:/program files/winavr/bin/../lib/gcc/avr/8.0.0/avr5\libgcc.a(_copy_data.o)
 .text.libgcc   0x00001d04        0x0 c:/program files/winavr/bin/../lib/gcc/avr/8.0.0/avr5\libgcc.a(_copy_data.o)
 .text.libgcc.prologue
                0x00001d04        0x0 c:/program files/winavr/bin/../lib/gcc/avr/8.0.0/avr5\libgcc.a(_copy_data.o)
 .text.libgcc.builtins
                0x00001d04        0x0 c:/program files/winavr/bin/../lib/gcc/avr/8.0.0/avr5\libgcc.a(_copy_data.o)
 .text.libgcc.fmul
                0x00001d04        0x0 c:/program files/winavr/bin/../lib/gcc/avr/8.0.0/avr5\libgcc.a(_copy_data.o)
 .text.libgcc.fixed
                0x00001d04        0x0 c:/program files/winavr/bin/../lib/gcc/avr/8.0.0/avr5\libgcc.a(_copy_data.o)
 .text.libgcc.mul
                0x00001d04        0x0 c:/program files/winavr/bin/../lib/gcc/avr/8.0.0/avr5\libgcc.a(_clear_bss.o)
 .text.libgcc.div
                0x00001d04        0x0 c:/program files/winavr/bin/../lib/gcc/avr/8.0.0/avr5\libgcc.a(_clear_bss.o)
 .text.libgcc   0x00001d04        0x0 c:/program files/winavr/bin/../lib/gcc/avr/8.0.0/avr5\libgcc.a(_clear_bss.o)
 .text.libgcc.prologue
                0x00001d04        0x0 c:/program files/winavr/bin/../lib/gcc/avr/8.0.0/avr5\libgcc.a(_clear_bss.o)
 .text.libgcc.builtins
                0x00001d04        0x0 c:/program files/winavr/bin/../lib/gcc/avr/8.0.0/avr5\libgcc.a(_clear_bss.o)
 .text.libgcc.fmul
                0x00001d04        0x0 c:/program files/winavr/bin/../lib/gcc/avr/8.0.0/avr5\libgcc.a(_clear_bss.o)
 .text.libgcc.fixed
                0x00001d04        0x0 c:/program files/winavr/bin/../lib/gcc/avr/8.0.0/avr5\libgcc.a(_clear_bss.o)
 .text.avr-libc
                0x00001d04       0x46 c:/program files/winavr/bin/../lib/gcc/avr/8.0.0/../../../../avr/lib/avr5\libc.a(sprintf.o)
                0x00001d04                sprintf
 .text.avr-libc
                0x00001d4a       0x32 c:/program files/winavr/bin/../lib/gcc/avr/8.0.0/../../../../avr/lib/avr5\libc.a(sscanf.o)
                0x00001d4a                sscanf
 .text.avr-libc
                0x00001d7c      0x3b4 c:/program files/winavr/bin/../lib/gcc/avr/8.0.0/../../../../avr/lib/avr5\libc.a(vfprintf_std.o)
                0x00001d7c                vfprintf
 .text.avr-libc
                0x00002130      0x522 c:/program files/winavr/bin/../lib/gcc/avr/8.0.0/../../../../avr/lib/avr5\libc.a(vfscanf_std.o)
                0x00002448                vfscanf
 .text.avr-libc
                0x00002652       0x12 c:/program files/winavr/bin/../lib/gcc/avr/8.0.0/../../../../avr/lib/avr5\libc.a(isspace.o)
                0x00002652                isspace
 .text.avr-libc
                0x00002664       0x16 c:/program files/winavr/bin/../lib/gcc/avr/8.0.0/../../../../avr/lib/avr5\libc.a(strchr_P.o)
                0x00002664                strchr_P
 .text.avr-libc
                0x0000267a       0x16 c:/program files/winavr/bin/../lib/gcc/avr/8.0.0/../../../../avr/lib/avr5\libc.a(strnlen_P.o)
                0x0000267a                strnlen_P
 .text.avr-libc
                0x00002690       0x16 c:/program files/winavr/bin/../lib/gcc/avr/8.0.0/../../../../avr/lib/avr5\libc.a(strnlen.o)
                0x00002690                strnlen
 .text.avr-libc
                0x000026a6       0x78 c:/program files/winavr/bin/../lib/gcc/avr/8.0.0/../../../../avr/lib/avr5\libc.a(fgetc.o)
                0x000026a6                fgetc
 .text.avr-libc
                0x0000271e       0x60 c:/program files/winavr/bin/../lib/gcc/avr/8.0.0/../../../../avr/lib/avr5\libc.a(fputc.o)
                0x0000271e                fputc
 .text.avr-libc
                0x0000277e       0x30 c:/program files/winavr/bin/../lib/gcc/avr/8.0.0/../../../../avr/lib/avr5\libc.a(ungetc.o)
                0x0000277e                ungetc
 .text.avr-libc
                0x000027ae       0xbc c:/program files/winavr/bin/../lib/gcc/avr/8.0.0/../../../../avr/lib/avr5\libc.a(ultoa_invert.o)
                0x000027ae                __ultoa_invert
 .text.avr-libc
                0x0000286a        0x6 c:/program files/winavr/bin/../lib/gcc/avr/8.0.0/../../../../avr/lib/avr5\libc.a(cty_isfalse.o)
                0x0000286a                __ctype_isfalse
                0x0000286e                __ctype_istrue
 .text.libgcc.mul
                0x00002870        0x0 c:/program files/winavr/bin/../lib/gcc/avr/8.0.0/avr5\libgcc.a(_prologue.o)
 .text.libgcc.div
                0x00002870        0x0 c:/program files/winavr/bin/../lib/gcc/avr/8.0.0/avr5\libgcc.a(_prologue.o)
 .text.libgcc   0x00002870        0x0 c:/program files/winavr/bin/../lib/gcc/avr/8.0.0/avr5\libgcc.a(_prologue.o)
 .text.libgcc.prologue
                0x00002870       0x38 c:/program files/winavr/bin/../lib/gcc/avr/8.0.0/avr5\libgcc.a(_prologue.o)
                0x00002870                __prologue_saves__
 .text.libgcc.builtins
                0x000028a8        0x0 c:/program files/winavr/bin/../lib/gcc/avr/8.0.0/avr5\libgcc.a(_prologue.o)
 .text.libgcc.fmul
                0x000028a8        0x0 c:/program files/winavr/bin/../lib/gcc/avr/8.0.0/avr5\libgcc.a(_prologue.o)
 .text.libgcc.fixed
                0x000028a8        0x0 c:/program files/winavr/bin/../lib/gcc/avr/8.0.0/avr5\libgcc.a(_prologue.o)
 .text.libgcc.mul
                0x000028a8        0x0 c:/program files/winavr/bin/../lib/gcc/avr/8.0.0/avr5\libgcc.a(_epilogue.o)
 .text.libgcc.div
                0x000028a8        0x0 c:/program files/winavr/bin/../lib/gcc/avr/8.0.0/avr5\libgcc.a(_epilogue.o)
 .text.libgcc   0x000028a8        0x0 c:/program files/winavr/bin/../lib/gcc/avr/8.0.0/avr5\libgcc.a(_epilogue.o)
 .text.libgcc.prologue
                0x000028a8       0x36 c:/program files/winavr/bin/../lib/gcc/avr/8.0.0/avr5\libgcc.a(_epilogue.o)
                0x000028a8                __epilogue_restores__
 .text.libgcc.builtins
                0x000028de        0x0 c:/program files/winavr/bin/../lib/gcc/avr/8.0.0/avr5\libgcc.a(_epilogue.o)
 .text.libgcc.fmul
                0x000028de        0x0 c:/program files/winavr/bin/../lib/gcc/avr/8.0.0/avr5\libgcc.a(_epilogue.o)
 .text.libgcc.fixed
                0x000028de        0x0 c:/program files/winavr/bin/../lib/gcc/avr/8.0.0/avr5\libgcc.a(_epilogue.o)
                0x000028de                . = ALIGN (0x2)
 *(.fini9)
 .fini9         0x000028de        0x0 c:/program files/winavr/bin/../lib/gcc/avr/8.0.0/avr5\libgcc.a(_exit.o)
                0x000028de                _exit
                0x000028de                exit
 *(.fini9)
 *(.fini8)
 *(.fini8)
 *(.fini7)
 *(.fini7)
 *(.fini6)
 *(.fini6)
 *(.fini5)
 *(.fini5)
 *(.fini4)
 *(.fini4)
 *(.fini3)
 *(.fini3)
 *(.fini2)
 *(.fini2)
 *(.fini1)
 *(.fini1)
 *(.fini0)
 .fini0         0x000028de        0x4 c:/program files/winavr/bin/../lib/gcc/avr/8.0.0/avr5\libgcc.a(_exit.o)
 *(.fini0)
 *(.hightext)
 *(.hightext*)
                0x000028e2                . = ALIGN (0x2)
 *(.jumptables)
 *(.jumptables*)
                0x000028e2                _etext = .

.data           0x00800100       0x90 load address 0x000028e2
                0x00800100                PROVIDE (__data_start, .)
 *(.data)
 .data          0x00800100        0x0 c:/program files/winavr/bin/../lib/gcc/avr/8.0.0/../../../../avr/lib/avr5/crtatmega328p.o
 .data          0x00800100        0x0 ./adc.o
 .data          0x00800100        0x0 ./eeprom.o
 .data          0x00800100        0x0 ./leds.o
 .data          0x00800100        0x0 ./shiftregister.o
 .data          0x00800100        0x0 ./stepper.o
 .data          0x00800100        0x0 ./terminal.o
 .data          0x00800100        0x0 ./timeparser.o
 .data          0x00800100        0x0 ./timer.o
 .data          0x00800100        0x0 ./uart.o
 .data          0x00800100        0x0 c:/program files/winavr/bin/../lib/gcc/avr/8.0.0/avr5\libgcc.a(_udivmodhi4.o)
 .data          0x00800100        0x0 c:/program files/winavr/bin/../lib/gcc/avr/8.0.0/avr5\libgcc.a(_udivmodsi4.o)
 .data          0x00800100        0x0 c:/program files/winavr/bin/../lib/gcc/avr/8.0.0/avr5\libgcc.a(_divmodsi4.o)
 .data          0x00800100        0x0 c:/program files/winavr/bin/../lib/gcc/avr/8.0.0/avr5\libgcc.a(_negsi2.o)
 .data          0x00800100        0x0 c:/program files/winavr/bin/../lib/gcc/avr/8.0.0/avr5\libgcc.a(_exit.o)
 .data          0x00800100        0x0 c:/program files/winavr/bin/../lib/gcc/avr/8.0.0/avr5\libgcc.a(_copy_data.o)
 .data          0x00800100        0x0 c:/program files/winavr/bin/../lib/gcc/avr/8.0.0/avr5\libgcc.a(_clear_bss.o)
 .data          0x00800100        0x0 c:/program files/winavr/bin/../lib/gcc/avr/8.0.0/../../../../avr/lib/avr5\libc.a(sprintf.o)
 .data          0x00800100        0x0 c:/program files/winavr/bin/../lib/gcc/avr/8.0.0/../../../../avr/lib/avr5\libc.a(sscanf.o)
 .data          0x00800100        0x0 c:/program files/winavr/bin/../lib/gcc/avr/8.0.0/../../../../avr/lib/avr5\libc.a(vfprintf_std.o)
 .data          0x00800100        0x0 c:/program files/winavr/bin/../lib/gcc/avr/8.0.0/../../../../avr/lib/avr5\libc.a(vfscanf_std.o)
 .data          0x00800100        0x0 c:/program files/winavr/bin/../lib/gcc/avr/8.0.0/../../../../avr/lib/avr5\libc.a(isspace.o)
 .data          0x00800100        0x0 c:/program files/winavr/bin/../lib/gcc/avr/8.0.0/../../../../avr/lib/avr5\libc.a(strchr_P.o)
 .data          0x00800100        0x0 c:/program files/winavr/bin/../lib/gcc/avr/8.0.0/../../../../avr/lib/avr5\libc.a(strnlen_P.o)
 .data          0x00800100        0x0 c:/program files/winavr/bin/../lib/gcc/avr/8.0.0/../../../../avr/lib/avr5\libc.a(strnlen.o)
 .data          0x00800100        0x0 c:/program files/winavr/bin/../lib/gcc/avr/8.0.0/../../../../avr/lib/avr5\libc.a(fgetc.o)
 .data          0x00800100        0x0 c:/program files/winavr/bin/../lib/gcc/avr/8.0.0/../../../../avr/lib/avr5\libc.a(fputc.o)
 .data          0x00800100        0x0 c:/program files/winavr/bin/../lib/gcc/avr/8.0.0/../../../../avr/lib/avr5\libc.a(ungetc.o)
 .data          0x00800100        0x0 c:/program files/winavr/bin/../lib/gcc/avr/8.0.0/../../../../avr/lib/avr5\libc.a(ultoa_invert.o)
 .data          0x00800100        0x0 c:/program files/winavr/bin/../lib/gcc/avr/8.0.0/../../../../avr/lib/avr5\libc.a(cty_isfalse.o)
 .data          0x00800100        0x0 c:/program files/winavr/bin/../lib/gcc/avr/8.0.0/avr5\libgcc.a(_prologue.o)
 .data          0x00800100        0x0 c:/program files/winavr/bin/../lib/gcc/avr/8.0.0/avr5\libgcc.a(_epilogue.o)
 *(.data*)
 *(.gnu.linkonce.d*)
 *(.rodata)
 .rodata        0x00800100       0x18 ./adc.o
 .rodata        0x00800118       0x16 ./stepper.o
 *(.rodata*)
 .rodata.main.str1.1
                0x0080012e       0x38 ./stepper.o
 .rodata.channel_setup.str1.1
                0x00800166       0x38 ./terminal.o
                                  0x3 (size before relaxing)
 .rodata.list_complete.str1.1
                0x00800166        0xc ./terminal.o
 .rodata.timecalc.str1.1
                0x00800172        0xf ./timeparser.o
                                 0x23 (size before relaxing)
 .rodata.timedisplay.str1.1
                0x00800181        0xf ./timeparser.o
 *(.gnu.linkonce.r*)
                0x0080019e                . = ALIGN (0x2)
                0x0080019e                _edata = .
                0x0080019e                PROVIDE (__data_end, .)

.bss            0x00800190        0x7
                0x00800190                PROVIDE (__bss_start, .)
 *(.bss)
 .bss           0x00800190        0x0 c:/program files/winavr/bin/../lib/gcc/avr/8.0.0/../../../../avr/lib/avr5/crtatmega328p.o
 .bss           0x00800190        0x0 ./adc.o
 .bss           0x00800190        0x0 ./eeprom.o
 .bss           0x00800190        0x0 ./leds.o
 .bss           0x00800190        0x0 ./shiftregister.o
 .bss           0x00800190        0x0 ./stepper.o
 .bss           0x00800190        0x0 ./terminal.o
 .bss           0x00800190        0x0 ./timeparser.o
 .bss           0x00800190        0x0 ./timer.o
 .bss           0x00800190        0x0 ./uart.o
 .bss           0x00800190        0x0 c:/program files/winavr/bin/../lib/gcc/avr/8.0.0/avr5\libgcc.a(_udivmodhi4.o)
 .bss           0x00800190        0x0 c:/program files/winavr/bin/../lib/gcc/avr/8.0.0/avr5\libgcc.a(_udivmodsi4.o)
 .bss           0x00800190        0x0 c:/program files/winavr/bin/../lib/gcc/avr/8.0.0/avr5\libgcc.a(_divmodsi4.o)
 .bss           0x00800190        0x0 c:/program files/winavr/bin/../lib/gcc/avr/8.0.0/avr5\libgcc.a(_negsi2.o)
 .bss           0x00800190        0x0 c:/program files/winavr/bin/../lib/gcc/avr/8.0.0/avr5\libgcc.a(_exit.o)
 .bss           0x00800190        0x0 c:/program files/winavr/bin/../lib/gcc/avr/8.0.0/avr5\libgcc.a(_copy_data.o)
 .bss           0x00800190        0x0 c:/program files/winavr/bin/../lib/gcc/avr/8.0.0/avr5\libgcc.a(_clear_bss.o)
 .bss           0x00800190        0x0 c:/program files/winavr/bin/../lib/gcc/avr/8.0.0/../../../../avr/lib/avr5\libc.a(sprintf.o)
 .bss           0x00800190        0x0 c:/program files/winavr/bin/../lib/gcc/avr/8.0.0/../../../../avr/lib/avr5\libc.a(sscanf.o)
 .bss           0x00800190        0x0 c:/program files/winavr/bin/../lib/gcc/avr/8.0.0/../../../../avr/lib/avr5\libc.a(vfprintf_std.o)
 .bss           0x00800190        0x0 c:/program files/winavr/bin/../lib/gcc/avr/8.0.0/../../../../avr/lib/avr5\libc.a(vfscanf_std.o)
 .bss           0x00800190        0x0 c:/program files/winavr/bin/../lib/gcc/avr/8.0.0/../../../../avr/lib/avr5\libc.a(isspace.o)
 .bss           0x00800190        0x0 c:/program files/winavr/bin/../lib/gcc/avr/8.0.0/../../../../avr/lib/avr5\libc.a(strchr_P.o)
 .bss           0x00800190        0x0 c:/program files/winavr/bin/../lib/gcc/avr/8.0.0/../../../../avr/lib/avr5\libc.a(strnlen_P.o)
 .bss           0x00800190        0x0 c:/program files/winavr/bin/../lib/gcc/avr/8.0.0/../../../../avr/lib/avr5\libc.a(strnlen.o)
 .bss           0x00800190        0x0 c:/program files/winavr/bin/../lib/gcc/avr/8.0.0/../../../../avr/lib/avr5\libc.a(fgetc.o)
 .bss           0x00800190        0x0 c:/program files/winavr/bin/../lib/gcc/avr/8.0.0/../../../../avr/lib/avr5\libc.a(fputc.o)
 .bss           0x00800190        0x0 c:/program files/winavr/bin/../lib/gcc/avr/8.0.0/../../../../avr/lib/avr5\libc.a(ungetc.o)
 .bss           0x00800190        0x0 c:/program files/winavr/bin/../lib/gcc/avr/8.0.0/../../../../avr/lib/avr5\libc.a(ultoa_invert.o)
 .bss           0x00800190        0x0 c:/program files/winavr/bin/../lib/gcc/avr/8.0.0/../../../../avr/lib/avr5\libc.a(cty_isfalse.o)
 .bss           0x00800190        0x0 c:/program files/winavr/bin/../lib/gcc/avr/8.0.0/avr5\libgcc.a(_prologue.o)
 .bss           0x00800190        0x0 c:/program files/winavr/bin/../lib/gcc/avr/8.0.0/avr5\libgcc.a(_epilogue.o)
 *(.bss*)
 .bss.active_channels
                0x00800190        0x2 ./stepper.o
 .bss.timerval  0x00800192        0x2 ./stepper.o
 .bss.channel_monitor
                0x00800194        0x1 ./stepper.o
 .bss.key_flag  0x00800195        0x1 ./stepper.o
 .bss.trigger_flag
                0x00800196        0x1 ./stepper.o
 *(COMMON)
                0x00800197                PROVIDE (__bss_end, .)
                0x000028e2                __data_load_start = LOADADDR (.data)
                0x00002972                __data_load_end = (__data_load_start + SIZEOF (.data))

.noinit         0x00800197        0x0
                [!provide]                PROVIDE (__noinit_start, .)
 *(.noinit*)
                [!provide]                PROVIDE (__noinit_end, .)
                0x00800197                _end = .
                [!provide]                PROVIDE (__heap_start, .)

.eeprom         0x00810000        0x0
 *(.eeprom*)
                0x00810000                __eeprom_end = .

.fuse
 *(.fuse)
 *(.lfuse)
 *(.hfuse)
 *(.efuse)

.lock
 *(.lock*)

.signature
 *(.signature*)

.stab
 *(.stab)

.stabstr
 *(.stabstr)

.stab.excl
 *(.stab.excl)

.stab.exclstr
 *(.stab.exclstr)

.stab.index
 *(.stab.index)

.stab.indexstr
 *(.stab.indexstr)

.comment        0x00000000       0x41
 *(.comment)
 .comment       0x00000000       0x41 ./adc.o
                                 0x42 (size before relaxing)
 .comment       0x00000041       0x42 ./eeprom.o
 .comment       0x00000041       0x42 ./leds.o
 .comment       0x00000041       0x42 ./shiftregister.o
 .comment       0x00000041       0x42 ./stepper.o
 .comment       0x00000041       0x42 ./terminal.o
 .comment       0x00000041       0x42 ./timeparser.o
 .comment       0x00000041       0x42 ./timer.o
 .comment       0x00000041       0x42 ./uart.o
 .comment       0x00000041       0x42 c:/program files/winavr/bin/../lib/gcc/avr/8.0.0/../../../../avr/lib/avr5\libc.a(sprintf.o)
 .comment       0x00000041       0x42 c:/program files/winavr/bin/../lib/gcc/avr/8.0.0/../../../../avr/lib/avr5\libc.a(sscanf.o)
 .comment       0x00000041       0x42 c:/program files/winavr/bin/../lib/gcc/avr/8.0.0/../../../../avr/lib/avr5\libc.a(vfprintf_std.o)
 .comment       0x00000041       0x42 c:/program files/winavr/bin/../lib/gcc/avr/8.0.0/../../../../avr/lib/avr5\libc.a(vfscanf_std.o)
 .comment       0x00000041       0x42 c:/program files/winavr/bin/../lib/gcc/avr/8.0.0/../../../../avr/lib/avr5\libc.a(fgetc.o)
 .comment       0x00000041       0x42 c:/program files/winavr/bin/../lib/gcc/avr/8.0.0/../../../../avr/lib/avr5\libc.a(fputc.o)
 .comment       0x00000041       0x42 c:/program files/winavr/bin/../lib/gcc/avr/8.0.0/../../../../avr/lib/avr5\libc.a(ungetc.o)

.note.gnu.avr.deviceinfo
                0x00000000       0x40
 .note.gnu.avr.deviceinfo
                0x00000000       0x40 c:/program files/winavr/bin/../lib/gcc/avr/8.0.0/../../../../avr/lib/avr5/crtatmega328p.o

.note.gnu.build-id
 *(.note.gnu.build-id)

.debug
 *(.debug)

.line
 *(.line)

.debug_srcinfo
 *(.debug_srcinfo)

.debug_sfnames
 *(.debug_sfnames)

.debug_aranges  0x00000000      0x120
 *(.debug_aranges)
 .debug_aranges
                0x00000000       0x20 c:/program files/winavr/bin/../lib/gcc/avr/8.0.0/avr5\libgcc.a(_udivmodhi4.o)
 .debug_aranges
                0x00000020       0x20 c:/program files/winavr/bin/../lib/gcc/avr/8.0.0/avr5\libgcc.a(_udivmodsi4.o)
 .debug_aranges
                0x00000040       0x20 c:/program files/winavr/bin/../lib/gcc/avr/8.0.0/avr5\libgcc.a(_divmodsi4.o)
 .debug_aranges
                0x00000060       0x20 c:/program files/winavr/bin/../lib/gcc/avr/8.0.0/avr5\libgcc.a(_negsi2.o)
 .debug_aranges
                0x00000080       0x20 c:/program files/winavr/bin/../lib/gcc/avr/8.0.0/avr5\libgcc.a(_exit.o)
 .debug_aranges
                0x000000a0       0x20 c:/program files/winavr/bin/../lib/gcc/avr/8.0.0/avr5\libgcc.a(_copy_data.o)
 .debug_aranges
                0x000000c0       0x20 c:/program files/winavr/bin/../lib/gcc/avr/8.0.0/avr5\libgcc.a(_clear_bss.o)
 .debug_aranges
                0x000000e0       0x20 c:/program files/winavr/bin/../lib/gcc/avr/8.0.0/avr5\libgcc.a(_prologue.o)
 .debug_aranges
                0x00000100       0x20 c:/program files/winavr/bin/../lib/gcc/avr/8.0.0/avr5\libgcc.a(_epilogue.o)

.debug_pubnames
 *(.debug_pubnames)

.debug_info     0x00000000      0x74a
 *(.debug_info .gnu.linkonce.wi.*)
 .debug_info    0x00000000      0x5f4 c:/program files/winavr/bin/../lib/gcc/avr/8.0.0/../../../../avr/lib/avr5/crtatmega328p.o
 .debug_info    0x000005f4       0x26 c:/program files/winavr/bin/../lib/gcc/avr/8.0.0/avr5\libgcc.a(_udivmodhi4.o)
 .debug_info    0x0000061a       0x26 c:/program files/winavr/bin/../lib/gcc/avr/8.0.0/avr5\libgcc.a(_udivmodsi4.o)
 .debug_info    0x00000640       0x26 c:/program files/winavr/bin/../lib/gcc/avr/8.0.0/avr5\libgcc.a(_divmodsi4.o)
 .debug_info    0x00000666       0x26 c:/program files/winavr/bin/../lib/gcc/avr/8.0.0/avr5\libgcc.a(_negsi2.o)
 .debug_info    0x0000068c       0x26 c:/program files/winavr/bin/../lib/gcc/avr/8.0.0/avr5\libgcc.a(_exit.o)
 .debug_info    0x000006b2       0x26 c:/program files/winavr/bin/../lib/gcc/avr/8.0.0/avr5\libgcc.a(_copy_data.o)
 .debug_info    0x000006d8       0x26 c:/program files/winavr/bin/../lib/gcc/avr/8.0.0/avr5\libgcc.a(_clear_bss.o)
 .debug_info    0x000006fe       0x26 c:/program files/winavr/bin/../lib/gcc/avr/8.0.0/avr5\libgcc.a(_prologue.o)
 .debug_info    0x00000724       0x26 c:/program files/winavr/bin/../lib/gcc/avr/8.0.0/avr5\libgcc.a(_epilogue.o)

.debug_abbrev   0x00000000      0x656
 *(.debug_abbrev)
 .debug_abbrev  0x00000000      0x5a2 c:/program files/winavr/bin/../lib/gcc/avr/8.0.0/../../../../avr/lib/avr5/crtatmega328p.o
 .debug_abbrev  0x000005a2       0x14 c:/program files/winavr/bin/../lib/gcc/avr/8.0.0/avr5\libgcc.a(_udivmodhi4.o)
 .debug_abbrev  0x000005b6       0x14 c:/program files/winavr/bin/../lib/gcc/avr/8.0.0/avr5\libgcc.a(_udivmodsi4.o)
 .debug_abbrev  0x000005ca       0x14 c:/program files/winavr/bin/../lib/gcc/avr/8.0.0/avr5\libgcc.a(_divmodsi4.o)
 .debug_abbrev  0x000005de       0x14 c:/program files/winavr/bin/../lib/gcc/avr/8.0.0/avr5\libgcc.a(_negsi2.o)
 .debug_abbrev  0x000005f2       0x14 c:/program files/winavr/bin/../lib/gcc/avr/8.0.0/avr5\libgcc.a(_exit.o)
 .debug_abbrev  0x00000606       0x14 c:/program files/winavr/bin/../lib/gcc/avr/8.0.0/avr5\libgcc.a(_copy_data.o)
 .debug_abbrev  0x0000061a       0x14 c:/program files/winavr/bin/../lib/gcc/avr/8.0.0/avr5\libgcc.a(_clear_bss.o)
 .debug_abbrev  0x0000062e       0x14 c:/program files/winavr/bin/../lib/gcc/avr/8.0.0/avr5\libgcc.a(_prologue.o)
 .debug_abbrev  0x00000642       0x14 c:/program files/winavr/bin/../lib/gcc/avr/8.0.0/avr5\libgcc.a(_epilogue.o)

.debug_line     0x00000000      0x767
 *(.debug_line .debug_line.* .debug_line_end)
 .debug_line    0x00000000       0x1d c:/program files/winavr/bin/../lib/gcc/avr/8.0.0/../../../../avr/lib/avr5/crtatmega328p.o
 .debug_line    0x0000001d       0xe2 c:/program files/winavr/bin/../lib/gcc/avr/8.0.0/avr5\libgcc.a(_udivmodhi4.o)
 .debug_line    0x000000ff      0x136 c:/program files/winavr/bin/../lib/gcc/avr/8.0.0/avr5\libgcc.a(_udivmodsi4.o)
 .debug_line    0x00000235       0xe2 c:/program files/winavr/bin/../lib/gcc/avr/8.0.0/avr5\libgcc.a(_divmodsi4.o)
 .debug_line    0x00000317       0x76 c:/program files/winavr/bin/../lib/gcc/avr/8.0.0/avr5\libgcc.a(_negsi2.o)
 .debug_line    0x0000038d       0x76 c:/program files/winavr/bin/../lib/gcc/avr/8.0.0/avr5\libgcc.a(_exit.o)
 .debug_line    0x00000403       0xac c:/program files/winavr/bin/../lib/gcc/avr/8.0.0/avr5\libgcc.a(_copy_data.o)
 .debug_line    0x000004af       0x9a c:/program files/winavr/bin/../lib/gcc/avr/8.0.0/avr5\libgcc.a(_clear_bss.o)
 .debug_line    0x00000549      0x112 c:/program files/winavr/bin/../lib/gcc/avr/8.0.0/avr5\libgcc.a(_prologue.o)
 .debug_line    0x0000065b      0x10c c:/program files/winavr/bin/../lib/gcc/avr/8.0.0/avr5\libgcc.a(_epilogue.o)

.debug_frame
 *(.debug_frame)

.debug_str      0x00000000      0x291
 *(.debug_str)
 .debug_str     0x00000000      0x20b c:/program files/winavr/bin/../lib/gcc/avr/8.0.0/../../../../avr/lib/avr5/crtatmega328p.o
 .debug_str     0x0000020b       0x86 c:/program files/winavr/bin/../lib/gcc/avr/8.0.0/avr5\libgcc.a(_udivmodhi4.o)
 .debug_str     0x00000291       0x86 c:/program files/winavr/bin/../lib/gcc/avr/8.0.0/avr5\libgcc.a(_udivmodsi4.o)
 .debug_str     0x00000291       0x86 c:/program files/winavr/bin/../lib/gcc/avr/8.0.0/avr5\libgcc.a(_divmodsi4.o)
 .debug_str     0x00000291       0x86 c:/program files/winavr/bin/../lib/gcc/avr/8.0.0/avr5\libgcc.a(_negsi2.o)
 .debug_str     0x00000291       0x86 c:/program files/winavr/bin/../lib/gcc/avr/8.0.0/avr5\libgcc.a(_exit.o)
 .debug_str     0x00000291       0x86 c:/program files/winavr/bin/../lib/gcc/avr/8.0.0/avr5\libgcc.a(_copy_data.o)
 .debug_str     0x00000291       0x86 c:/program files/winavr/bin/../lib/gcc/avr/8.0.0/avr5\libgcc.a(_clear_bss.o)
 .debug_str     0x00000291       0x86 c:/program files/winavr/bin/../lib/gcc/avr/8.0.0/avr5\libgcc.a(_prologue.o)
 .debug_str     0x00000291       0x86 c:/program files/winavr/bin/../lib/gcc/avr/8.0.0/avr5\libgcc.a(_epilogue.o)

.debug_loc
 *(.debug_loc)

.debug_macinfo
 *(.debug_macinfo)

.debug_weaknames
 *(.debug_weaknames)

.debug_funcnames
 *(.debug_funcnames)

.debug_typenames
 *(.debug_typenames)

.debug_varnames
 *(.debug_varnames)

.debug_pubtypes
 *(.debug_pubtypes)

.debug_ranges
 *(.debug_ranges)

.debug_macro
 *(.debug_macro)

.debug_addr
 *(.debug_addr)
OUTPUT(Fuocostep.elf elf32-avr)
LOAD linker stubs
